// Jest Snapshot v1, https://goo.gl/fbAQLP

exports[`Listing renders correctly 1`] = `
<div
  className="similar-listing"
>
  <img
    src="mockImageUrl"
  />
  <Details
    avgStars={0.5}
    numBeds={2}
    numRatings={965}
    price={810}
    title="nostrum laboriosam in rerum officiis"
    type="Shared Room"
  />
</div>
`;
