// Jest Snapshot v1, https://goo.gl/fbAQLP

exports[`Similar Listings renders correctly 1`] = `
<div
  className="similar-listings"
>
  <h1>
    Similar Listings
  </h1>
  <div
    className="similar-listings-ribbon"
  >
    <Listing
      additionalDetails={
        Object {
          "avgStars": 0.5,
          "numBeds": 2,
          "numRatings": 965,
          "price": 810,
          "thumbnailImage": "mockImageUrl",
          "title": "nostrum laboriosam in rerum officiis",
          "type": "Shared Room",
        }
      }
      id={199}
      key="199"
      thumbnailImage="mockImageUrl"
      url="mockUrl"
    />
    <Listing
      additionalDetails={
        Object {
          "avgStars": 0.5,
          "numBeds": 2,
          "numRatings": 965,
          "price": 810,
          "thumbnailImage": "mockImageUrl",
          "title": "nostrum laboriosam in rerum officiis",
          "type": "Shared Room",
        }
      }
      id={199}
      key="199"
      thumbnailImage="mockImageUrl"
      url="mockUrl"
    />
    <Listing
      additionalDetails={
        Object {
          "avgStars": 0.5,
          "numBeds": 2,
          "numRatings": 965,
          "price": 810,
          "thumbnailImage": "mockImageUrl",
          "title": "nostrum laboriosam in rerum officiis",
          "type": "Shared Room",
        }
      }
      id={199}
      key="199"
      thumbnailImage="mockImageUrl"
      url="mockUrl"
    />
  </div>
</div>
`;
